

Tue Jan 24 10:14:41 2017
Command line: TestDisk

TestDisk 7.0, Data Recovery Utility, April 2015
Christophe GRENIER <grenier@cgsecurity.org>
http://www.cgsecurity.org
OS: Linux, kernel 4.4.0-21-generic (#37-Ubuntu SMP Mon Apr 18 18:33:37 UTC 2016) x86_64
Compiler: GCC 5.3
ext2fs lib: 1.42.13, ntfs lib: libntfs-3g, reiserfs lib: none, ewf lib: none, curses lib: ncurses 6.0
/dev/sda: LBA, HPA, LBA48 support
/dev/sda: size       250069680 sectors
/dev/sda: user_max   250069680 sectors
/dev/sda: native_max 250069680 sectors
Warning: can't get size for Disk /dev/mapper/control - 0 B - 0 sectors, sector size=512
Hard disk list
Disk /dev/sda - 128 GB / 119 GiB - CHS 15566 255 63, sector size=512 - Corsair Force GS, S/N:1403790100009796005C, FW:5.20

Partition table type (auto): Intel
Partition table type (auto): Intel
Disk /dev/sda - 128 GB / 119 GiB - Corsair Force GS
Partition table type: EFI GPT

Interface Advanced
Bad GPT partition, invalid signature.
Trying alternate GPT
Bad GPT partition, invalid signature.

TestDisk exited normally.
